built-site Greek contents 1 light 19
built-site Greek contents 2 light 8
built-site Greek contents 3 light 10
built-site Greek contents 4 light 5
built-site Greek contents 6 light 15
built-site Greek contents 7 light 12
built-site Greek contents 8 light 12
built-site Greek contents 9 light 16
built-site Greek contents 10 light 12
built-site Greek contents 1 dark 19
built-site Greek contents 2 dark 8
built-site Greek contents 3 dark 10
built-site Greek contents 4 dark 5
built-site Greek contents 6 dark 15
built-site Greek contents 7 dark 12
built-site Greek contents 8 dark 12
built-site Greek contents 9 dark 16
built-site Greek contents 10 dark 12
existing contents-antiquities-niese-05
existing contents-antiquities-niese-11
existing contents-antiquities-niese-12
existing contents-antiquities-niese-13
existing contents-antiquities-niese-14
existing contents-antiquities-niese-15
existing contents-antiquities-niese-16
existing contents-antiquities-niese-17
existing contents-antiquities-niese-18
existing contents-antiquities-niese-19
existing contents-antiquities-niese-20
existing contents-antiquities-bamberg78-13
existing contents-antiquities-bamberg78-15
existing contents-antiquities-bamberg78-16
existing contents-antiquities-bamberg78-17
existing contents-antiquities-bamberg78-18
existing contents-antiquities-bamberg78-19
existing contents-antiquities-bamberg78-20
existing contents-antiquities-bamberg78-02
existing contents-antiquities-bamberg78-03
existing contents-antiquities-bamberg78-04
existing contents-antiquities-bamberg78-05
existing contents-bellum-lodge1602-01
existing contents-bellum-lodge1602-02
existing contents-bellum-lodge1602-03
existing contents-bellum-lodge1602-04
existing contents-bellum-lodge1602-05
existing contents-bellum-lodge1602-06
existing contents-bellum-lodge1602-07
existing contents-antiquities-bamberg78-14
BUILT_SITE_TOC_QA_PASS
