To use retry middleware with Faraday v2.0+, install `faraday-retry` gem
  Dependency Error: Yikes! It looks like you don't have jekyll-responsive-image or one of its dependencies installed. In order to use Jekyll as currently configured, you'll need to install this gem. If you've run Jekyll with `bundle exec`, ensure that you have included the jekyll-responsive-image gem in your Gemfile as well. The full error message from Ruby is: 'Could not find 'rmagick' (>= 2.0, < 5.0) among 171 total gem(s) Checked in 'GEM_PATH=C:/Users/Pollard_R/.local/share/gem/ruby/3.3.0;C:/Ruby33-x64/lib/ruby/gems/3.3.0' at: C:/Ruby33-x64/lib/ruby/gems/3.3.0/specifications/jekyll-responsive-image-1.6.0.gemspec, execute `gem env` for more information' If you run into trouble, you can find helpful resources at https://jekyllrb.com/help/! 
C:/Ruby33-x64/lib/ruby/gems/3.3.0/gems/jekyll-4.4.1/lib/jekyll/external.rb:70:in `rescue in block in require_with_graceful_fail': jekyll-responsive-image (Jekyll::Errors::MissingDependencyException)
	from C:/Ruby33-x64/lib/ruby/gems/3.3.0/gems/jekyll-4.4.1/lib/jekyll/external.rb:56:in `block in require_with_graceful_fail'
	from C:/Ruby33-x64/lib/ruby/gems/3.3.0/gems/jekyll-4.4.1/lib/jekyll/external.rb:55:in `each'
	from C:/Ruby33-x64/lib/ruby/gems/3.3.0/gems/jekyll-4.4.1/lib/jekyll/external.rb:55:in `require_with_graceful_fail'
	from C:/Ruby33-x64/lib/ruby/gems/3.3.0/gems/jekyll-4.4.1/lib/jekyll/plugin_manager.rb:30:in `require_gems'
	from C:/Ruby33-x64/lib/ruby/gems/3.3.0/gems/jekyll-4.4.1/lib/jekyll/plugin_manager.rb:22:in `conscientious_require'
	from C:/Ruby33-x64/lib/ruby/gems/3.3.0/gems/jekyll-4.4.1/lib/jekyll/site.rb:131:in `setup'
	from C:/Ruby33-x64/lib/ruby/gems/3.3.0/gems/jekyll-4.4.1/lib/jekyll/site.rb:36:in `initialize'
	from C:/Ruby33-x64/lib/ruby/gems/3.3.0/gems/jekyll-4.4.1/lib/jekyll/commands/build.rb:30:in `new'
	from C:/Ruby33-x64/lib/ruby/gems/3.3.0/gems/jekyll-4.4.1/lib/jekyll/commands/build.rb:30:in `process'
	from C:/workspace/LatinJosephus-Greek-Capitula-Integration-20261008/review/Greek_Antiquities_Capitula_TOC_v1.1_2026-10-08/build_disposable.rb:6:in `<main>'
C:/Ruby33-x64/lib/ruby/3.3.0/rubygems/specification.rb:1417:in `rescue in block in activate_dependencies': Could not find 'rmagick' (>= 2.0, < 5.0) among 171 total gem(s) (Gem::MissingSpecError)
Checked in 'GEM_PATH=C:/Users/Pollard_R/.local/share/gem/ruby/3.3.0;C:/Ruby33-x64/lib/ruby/gems/3.3.0' at: C:/Ruby33-x64/lib/ruby/gems/3.3.0/specifications/jekyll-responsive-image-1.6.0.gemspec, execute `gem env` for more information
	from C:/Ruby33-x64/lib/ruby/3.3.0/rubygems/specification.rb:1414:in `block in activate_dependencies'
	from C:/Ruby33-x64/lib/ruby/3.3.0/rubygems/specification.rb:1403:in `each'
	from C:/Ruby33-x64/lib/ruby/3.3.0/rubygems/specification.rb:1403:in `activate_dependencies'
	from C:/Ruby33-x64/lib/ruby/3.3.0/rubygems/specification.rb:1385:in `activate'
	from C:/Ruby33-x64/lib/ruby/3.3.0/rubygems.rb:205:in `rescue in try_activate'
	from C:/Ruby33-x64/lib/ruby/3.3.0/rubygems.rb:198:in `try_activate'
	from <internal:C:/Ruby33-x64/lib/ruby/3.3.0/rubygems/core_ext/kernel_require.rb>:139:in `block in require'
	from <internal:C:/Ruby33-x64/lib/ruby/3.3.0/rubygems/core_ext/kernel_require.rb>:139:in `synchronize'
	from <internal:C:/Ruby33-x64/lib/ruby/3.3.0/rubygems/core_ext/kernel_require.rb>:139:in `rescue in require'
	from <internal:C:/Ruby33-x64/lib/ruby/3.3.0/rubygems/core_ext/kernel_require.rb>:135:in `require'
	from C:/Ruby33-x64/lib/ruby/gems/3.3.0/gems/jekyll-4.4.1/lib/jekyll/external.rb:57:in `block in require_with_graceful_fail'
	from C:/Ruby33-x64/lib/ruby/gems/3.3.0/gems/jekyll-4.4.1/lib/jekyll/external.rb:55:in `each'
	from C:/Ruby33-x64/lib/ruby/gems/3.3.0/gems/jekyll-4.4.1/lib/jekyll/external.rb:55:in `require_with_graceful_fail'
	from C:/Ruby33-x64/lib/ruby/gems/3.3.0/gems/jekyll-4.4.1/lib/jekyll/plugin_manager.rb:30:in `require_gems'
	from C:/Ruby33-x64/lib/ruby/gems/3.3.0/gems/jekyll-4.4.1/lib/jekyll/plugin_manager.rb:22:in `conscientious_require'
	from C:/Ruby33-x64/lib/ruby/gems/3.3.0/gems/jekyll-4.4.1/lib/jekyll/site.rb:131:in `setup'
	from C:/Ruby33-x64/lib/ruby/gems/3.3.0/gems/jekyll-4.4.1/lib/jekyll/site.rb:36:in `initialize'
	from C:/Ruby33-x64/lib/ruby/gems/3.3.0/gems/jekyll-4.4.1/lib/jekyll/commands/build.rb:30:in `new'
	from C:/Ruby33-x64/lib/ruby/gems/3.3.0/gems/jekyll-4.4.1/lib/jekyll/commands/build.rb:30:in `process'
	from C:/workspace/LatinJosephus-Greek-Capitula-Integration-20261008/review/Greek_Antiquities_Capitula_TOC_v1.1_2026-10-08/build_disposable.rb:6:in `<main>'
C:/Ruby33-x64/lib/ruby/3.3.0/rubygems/dependency.rb:301:in `to_specs': Could not find 'rmagick' (>= 2.0, < 5.0) among 171 total gem(s) (Gem::MissingSpecError)
Checked in 'GEM_PATH=C:/Users/Pollard_R/.local/share/gem/ruby/3.3.0;C:/Ruby33-x64/lib/ruby/gems/3.3.0' , execute `gem env` for more information
	from C:/Ruby33-x64/lib/ruby/3.3.0/rubygems/specification.rb:1415:in `block in activate_dependencies'
	from C:/Ruby33-x64/lib/ruby/3.3.0/rubygems/specification.rb:1403:in `each'
	from C:/Ruby33-x64/lib/ruby/3.3.0/rubygems/specification.rb:1403:in `activate_dependencies'
	from C:/Ruby33-x64/lib/ruby/3.3.0/rubygems/specification.rb:1385:in `activate'
	from C:/Ruby33-x64/lib/ruby/3.3.0/rubygems.rb:205:in `rescue in try_activate'
	from C:/Ruby33-x64/lib/ruby/3.3.0/rubygems.rb:198:in `try_activate'
	from <internal:C:/Ruby33-x64/lib/ruby/3.3.0/rubygems/core_ext/kernel_require.rb>:139:in `block in require'
	from <internal:C:/Ruby33-x64/lib/ruby/3.3.0/rubygems/core_ext/kernel_require.rb>:139:in `synchronize'
	from <internal:C:/Ruby33-x64/lib/ruby/3.3.0/rubygems/core_ext/kernel_require.rb>:139:in `rescue in require'
	from <internal:C:/Ruby33-x64/lib/ruby/3.3.0/rubygems/core_ext/kernel_require.rb>:135:in `require'
	from C:/Ruby33-x64/lib/ruby/gems/3.3.0/gems/jekyll-4.4.1/lib/jekyll/external.rb:57:in `block in require_with_graceful_fail'
	from C:/Ruby33-x64/lib/ruby/gems/3.3.0/gems/jekyll-4.4.1/lib/jekyll/external.rb:55:in `each'
	from C:/Ruby33-x64/lib/ruby/gems/3.3.0/gems/jekyll-4.4.1/lib/jekyll/external.rb:55:in `require_with_graceful_fail'
	from C:/Ruby33-x64/lib/ruby/gems/3.3.0/gems/jekyll-4.4.1/lib/jekyll/plugin_manager.rb:30:in `require_gems'
	from C:/Ruby33-x64/lib/ruby/gems/3.3.0/gems/jekyll-4.4.1/lib/jekyll/plugin_manager.rb:22:in `conscientious_require'
	from C:/Ruby33-x64/lib/ruby/gems/3.3.0/gems/jekyll-4.4.1/lib/jekyll/site.rb:131:in `setup'
	from C:/Ruby33-x64/lib/ruby/gems/3.3.0/gems/jekyll-4.4.1/lib/jekyll/site.rb:36:in `initialize'
	from C:/Ruby33-x64/lib/ruby/gems/3.3.0/gems/jekyll-4.4.1/lib/jekyll/commands/build.rb:30:in `new'
	from C:/Ruby33-x64/lib/ruby/gems/3.3.0/gems/jekyll-4.4.1/lib/jekyll/commands/build.rb:30:in `process'
	from C:/workspace/LatinJosephus-Greek-Capitula-Integration-20261008/review/Greek_Antiquities_Capitula_TOC_v1.1_2026-10-08/build_disposable.rb:6:in `<main>'
C:/Ruby33-x64/lib/ruby/3.3.0/rubygems/specification.rb:1417:in `rescue in block in activate_dependencies': Could not find 'rmagick' (>= 2.0, < 5.0) among 171 total gem(s) (Gem::MissingSpecError)
Checked in 'GEM_PATH=C:/Users/Pollard_R/.local/share/gem/ruby/3.3.0;C:/Ruby33-x64/lib/ruby/gems/3.3.0' at: C:/Ruby33-x64/lib/ruby/gems/3.3.0/specifications/jekyll-responsive-image-1.6.0.gemspec, execute `gem env` for more information
	from C:/Ruby33-x64/lib/ruby/3.3.0/rubygems/specification.rb:1414:in `block in activate_dependencies'
	from C:/Ruby33-x64/lib/ruby/3.3.0/rubygems/specification.rb:1403:in `each'
	from C:/Ruby33-x64/lib/ruby/3.3.0/rubygems/specification.rb:1403:in `activate_dependencies'
	from C:/Ruby33-x64/lib/ruby/3.3.0/rubygems/specification.rb:1385:in `activate'
	from C:/Ruby33-x64/lib/ruby/3.3.0/rubygems.rb:199:in `try_activate'
	from <internal:C:/Ruby33-x64/lib/ruby/3.3.0/rubygems/core_ext/kernel_require.rb>:139:in `block in require'
	from <internal:C:/Ruby33-x64/lib/ruby/3.3.0/rubygems/core_ext/kernel_require.rb>:139:in `synchronize'
	from <internal:C:/Ruby33-x64/lib/ruby/3.3.0/rubygems/core_ext/kernel_require.rb>:139:in `rescue in require'
	from <internal:C:/Ruby33-x64/lib/ruby/3.3.0/rubygems/core_ext/kernel_require.rb>:135:in `require'
	from C:/Ruby33-x64/lib/ruby/gems/3.3.0/gems/jekyll-4.4.1/lib/jekyll/external.rb:57:in `block in require_with_graceful_fail'
	from C:/Ruby33-x64/lib/ruby/gems/3.3.0/gems/jekyll-4.4.1/lib/jekyll/external.rb:55:in `each'
	from C:/Ruby33-x64/lib/ruby/gems/3.3.0/gems/jekyll-4.4.1/lib/jekyll/external.rb:55:in `require_with_graceful_fail'
	from C:/Ruby33-x64/lib/ruby/gems/3.3.0/gems/jekyll-4.4.1/lib/jekyll/plugin_manager.rb:30:in `require_gems'
	from C:/Ruby33-x64/lib/ruby/gems/3.3.0/gems/jekyll-4.4.1/lib/jekyll/plugin_manager.rb:22:in `conscientious_require'
	from C:/Ruby33-x64/lib/ruby/gems/3.3.0/gems/jekyll-4.4.1/lib/jekyll/site.rb:131:in `setup'
	from C:/Ruby33-x64/lib/ruby/gems/3.3.0/gems/jekyll-4.4.1/lib/jekyll/site.rb:36:in `initialize'
	from C:/Ruby33-x64/lib/ruby/gems/3.3.0/gems/jekyll-4.4.1/lib/jekyll/commands/build.rb:30:in `new'
	from C:/Ruby33-x64/lib/ruby/gems/3.3.0/gems/jekyll-4.4.1/lib/jekyll/commands/build.rb:30:in `process'
	from C:/workspace/LatinJosephus-Greek-Capitula-Integration-20261008/review/Greek_Antiquities_Capitula_TOC_v1.1_2026-10-08/build_disposable.rb:6:in `<main>'
C:/Ruby33-x64/lib/ruby/3.3.0/rubygems/dependency.rb:301:in `to_specs': Could not find 'rmagick' (>= 2.0, < 5.0) among 171 total gem(s) (Gem::MissingSpecError)
Checked in 'GEM_PATH=C:/Users/Pollard_R/.local/share/gem/ruby/3.3.0;C:/Ruby33-x64/lib/ruby/gems/3.3.0' , execute `gem env` for more information
	from C:/Ruby33-x64/lib/ruby/3.3.0/rubygems/specification.rb:1415:in `block in activate_dependencies'
	from C:/Ruby33-x64/lib/ruby/3.3.0/rubygems/specification.rb:1403:in `each'
	from C:/Ruby33-x64/lib/ruby/3.3.0/rubygems/specification.rb:1403:in `activate_dependencies'
	from C:/Ruby33-x64/lib/ruby/3.3.0/rubygems/specification.rb:1385:in `activate'
	from C:/Ruby33-x64/lib/ruby/3.3.0/rubygems.rb:199:in `try_activate'
	from <internal:C:/Ruby33-x64/lib/ruby/3.3.0/rubygems/core_ext/kernel_require.rb>:139:in `block in require'
	from <internal:C:/Ruby33-x64/lib/ruby/3.3.0/rubygems/core_ext/kernel_require.rb>:139:in `synchronize'
	from <internal:C:/Ruby33-x64/lib/ruby/3.3.0/rubygems/core_ext/kernel_require.rb>:139:in `rescue in require'
	from <internal:C:/Ruby33-x64/lib/ruby/3.3.0/rubygems/core_ext/kernel_require.rb>:135:in `require'
	from C:/Ruby33-x64/lib/ruby/gems/3.3.0/gems/jekyll-4.4.1/lib/jekyll/external.rb:57:in `block in require_with_graceful_fail'
	from C:/Ruby33-x64/lib/ruby/gems/3.3.0/gems/jekyll-4.4.1/lib/jekyll/external.rb:55:in `each'
	from C:/Ruby33-x64/lib/ruby/gems/3.3.0/gems/jekyll-4.4.1/lib/jekyll/external.rb:55:in `require_with_graceful_fail'
	from C:/Ruby33-x64/lib/ruby/gems/3.3.0/gems/jekyll-4.4.1/lib/jekyll/plugin_manager.rb:30:in `require_gems'
	from C:/Ruby33-x64/lib/ruby/gems/3.3.0/gems/jekyll-4.4.1/lib/jekyll/plugin_manager.rb:22:in `conscientious_require'
	from C:/Ruby33-x64/lib/ruby/gems/3.3.0/gems/jekyll-4.4.1/lib/jekyll/site.rb:131:in `setup'
	from C:/Ruby33-x64/lib/ruby/gems/3.3.0/gems/jekyll-4.4.1/lib/jekyll/site.rb:36:in `initialize'
	from C:/Ruby33-x64/lib/ruby/gems/3.3.0/gems/jekyll-4.4.1/lib/jekyll/commands/build.rb:30:in `new'
	from C:/Ruby33-x64/lib/ruby/gems/3.3.0/gems/jekyll-4.4.1/lib/jekyll/commands/build.rb:30:in `process'
	from C:/workspace/LatinJosephus-Greek-Capitula-Integration-20261008/review/Greek_Antiquities_Capitula_TOC_v1.1_2026-10-08/build_disposable.rb:6:in `<main>'
<internal:C:/Ruby33-x64/lib/ruby/3.3.0/rubygems/core_ext/kernel_require.rb>:136:in `require': cannot load such file -- jekyll-responsive-image (LoadError)
	from <internal:C:/Ruby33-x64/lib/ruby/3.3.0/rubygems/core_ext/kernel_require.rb>:136:in `require'
	from C:/Ruby33-x64/lib/ruby/gems/3.3.0/gems/jekyll-4.4.1/lib/jekyll/external.rb:57:in `block in require_with_graceful_fail'
	from C:/Ruby33-x64/lib/ruby/gems/3.3.0/gems/jekyll-4.4.1/lib/jekyll/external.rb:55:in `each'
	from C:/Ruby33-x64/lib/ruby/gems/3.3.0/gems/jekyll-4.4.1/lib/jekyll/external.rb:55:in `require_with_graceful_fail'
	from C:/Ruby33-x64/lib/ruby/gems/3.3.0/gems/jekyll-4.4.1/lib/jekyll/plugin_manager.rb:30:in `require_gems'
	from C:/Ruby33-x64/lib/ruby/gems/3.3.0/gems/jekyll-4.4.1/lib/jekyll/plugin_manager.rb:22:in `conscientious_require'
	from C:/Ruby33-x64/lib/ruby/gems/3.3.0/gems/jekyll-4.4.1/lib/jekyll/site.rb:131:in `setup'
	from C:/Ruby33-x64/lib/ruby/gems/3.3.0/gems/jekyll-4.4.1/lib/jekyll/site.rb:36:in `initialize'
	from C:/Ruby33-x64/lib/ruby/gems/3.3.0/gems/jekyll-4.4.1/lib/jekyll/commands/build.rb:30:in `new'
	from C:/Ruby33-x64/lib/ruby/gems/3.3.0/gems/jekyll-4.4.1/lib/jekyll/commands/build.rb:30:in `process'
	from C:/workspace/LatinJosephus-Greek-Capitula-Integration-20261008/review/Greek_Antiquities_Capitula_TOC_v1.1_2026-10-08/build_disposable.rb:6:in `<main>'
Configuration file: C:/workspace/LatinJosephus-Greek-Capitula-Integration-20261008/_config.yml
