traditional preface 12 0
traditional 01 288 0
traditional 02 276 0
traditional 03 276 0
traditional 04 288 0
traditional 05 327 0
traditional 06 291 0
traditional 07 273 0
traditional 08 294 0
traditional 09 171 33
traditional 10 189 0
traditional 11 183 0
traditional 12 237 0
traditional 13 309 0
traditional 14 381 0
traditional 15 234 0
traditional 16 216 0
traditional 17 222 0
traditional 18 198 0
traditional 19 183 0
traditional 20 186 0
niese 1 320
niese 2 349
niese 3 322
niese 4 331
niese 5 362
niese 6 378
niese 7 394
cross-work deh 1 457
cross-work deh 2 156
cross-work deh 3 160
cross-work deh 4 181
cross-work deh 5 285
cross-work bellum-judaicum 1 490
cross-work bellum-judaicum 2 302
cross-work bellum-judaicum 3 180
cross-work bellum-judaicum 4 147
cross-work bellum-judaicum 5 131
cross-work bellum-judaicum 6 94
cross-work bellum-judaicum 7 97
cross-work contra-apionem 1 355
cross-work contra-apionem 2 338
ALL_BROWSER_QA_PASS {"rows":1689,"executable":5034,"unavailable":33,"byLanguage":{"Greek":1678,"Latin":1678,"English":1678},"menusChapters":257,"menusSubchapters":1432,"physical":1441}
