To use retry middleware with Faraday v2.0+, install `faraday-retry` gem
        Pagination: Is enabled, but I couldn't find any pagination page. Skipping pagination. Pages must have 'pagination: enabled: true' in their front-matter for pagination to work.
DEPRECATION WARNING [import]: Sass @import rules are deprecated and will be removed in Dart Sass 3.0.0.

More info and automated migrator: https://sass-lang.com/d/import

  ╷
7 │   "variables",
  │   ^^^^^^^^^^^
  ╵
    C:\workspace\LatinJosephus-Whiston-Index-Integration-20261009\assets\css\main.scss 7:3  root stylesheet
DEPRECATION WARNING [import]: Sass @import rules are deprecated and will be removed in Dart Sass 3.0.0.

More info and automated migrator: https://sass-lang.com/d/import

  ╷
8 │   "themes",
  │   ^^^^^^^^
  ╵
    C:\workspace\LatinJosephus-Whiston-Index-Integration-20261009\assets\css\main.scss 8:3  root stylesheet
DEPRECATION WARNING [import]: Sass @import rules are deprecated and will be removed in Dart Sass 3.0.0.

More info and automated migrator: https://sass-lang.com/d/import

  ╷
9 │   "layout",
  │   ^^^^^^^^
  ╵
    C:\workspace\LatinJosephus-Whiston-Index-Integration-20261009\assets\css\main.scss 9:3  root stylesheet
DEPRECATION WARNING [import]: Sass @import rules are deprecated and will be removed in Dart Sass 3.0.0.

More info and automated migrator: https://sass-lang.com/d/import

   ╷
10 │   "base",
   │   ^^^^^^
   ╵
    C:\workspace\LatinJosephus-Whiston-Index-Integration-20261009\assets\css\main.scss 10:3  root stylesheet
DEPRECATION WARNING [import]: Sass @import rules are deprecated and will be removed in Dart Sass 3.0.0.

More info and automated migrator: https://sass-lang.com/d/import

   ╷
11 │   "distill",
   │   ^^^^^^^^^
   ╵
    C:\workspace\LatinJosephus-Whiston-Index-Integration-20261009\assets\css\main.scss 11:3  root stylesheet
DEPRECATION WARNING [global-builtin]: Global built-in functions are deprecated and will be removed in Dart Sass 3.0.0.
Use color.adjust instead.

More info and automated migrator: https://sass-lang.com/d/import

   ╷
15 │ $light-cyan-color:    lighten($cyan-color, 25%);
   │                       ^^^^^^^^^^^^^^^^^^^^^^^^^
   ╵
    C:\workspace\LatinJosephus-Whiston-Index-Integration-20261009\_sass\_variables.scss 15:23  @import
    C:\workspace\LatinJosephus-Whiston-Index-Integration-20261009\assets\css\main.scss 7:3     root stylesheet
DEPRECATION WARNING [color-functions]: lighten() is deprecated. Suggestions:

color.scale($color, $lightness: 44.5804195804%)
color.adjust($color, $lightness: 25%)

More info: https://sass-lang.com/d/color-functions

   ╷
15 │ $light-cyan-color:    lighten($cyan-color, 25%);
   │                       ^^^^^^^^^^^^^^^^^^^^^^^^^
   ╵
    C:\workspace\LatinJosephus-Whiston-Index-Integration-20261009\_sass\_variables.scss 15:23  @import
    C:\workspace\LatinJosephus-Whiston-Index-Integration-20261009\assets\css\main.scss 7:3     root stylesheet
DEPRECATION WARNING [global-builtin]: Global built-in functions are deprecated and will be removed in Dart Sass 3.0.0.
Use color.adjust instead.

More info and automated migrator: https://sass-lang.com/d/import

   ╷
22 │ $light-purple-color:  lighten($purple-color, 25%);
   │                       ^^^^^^^^^^^^^^^^^^^^^^^^^^^
   ╵
    C:\workspace\LatinJosephus-Whiston-Index-Integration-20261009\_sass\_variables.scss 22:23  @import
    C:\workspace\LatinJosephus-Whiston-Index-Integration-20261009\assets\css\main.scss 7:3     root stylesheet
DEPRECATION WARNING [color-functions]: lighten() is deprecated. Suggestions:

color.scale($color, $lightness: 39.84375%)
color.adjust($color, $lightness: 25%)

More info: https://sass-lang.com/d/color-functions

   ╷
22 │ $light-purple-color:  lighten($purple-color, 25%);
   │                       ^^^^^^^^^^^^^^^^^^^^^^^^^^^
   ╵
    C:\workspace\LatinJosephus-Whiston-Index-Integration-20261009\_sass\_variables.scss 22:23  @import
    C:\workspace\LatinJosephus-Whiston-Index-Integration-20261009\assets\css\main.scss 7:3     root stylesheet
DEPRECATION WARNING [global-builtin]: Global built-in functions are deprecated and will be removed in Dart Sass 3.0.0.
Use color.adjust instead.

More info and automated migrator: https://sass-lang.com/d/import

   ╷
28 │ $grey-color-light:    lighten($grey-color, 40%);
   │                       ^^^^^^^^^^^^^^^^^^^^^^^^^
   ╵
    C:\workspace\LatinJosephus-Whiston-Index-Integration-20261009\_sass\_variables.scss 28:23  @import
    C:\workspace\LatinJosephus-Whiston-Index-Integration-20261009\assets\css\main.scss 7:3     root stylesheet
DEPRECATION WARNING [color-functions]: lighten() is deprecated. Suggestions:

color.scale($color, $lightness: 81.6%)
color.adjust($color, $lightness: 40%)

More info: https://sass-lang.com/d/color-functions

   ╷
28 │ $grey-color-light:    lighten($grey-color, 40%);
   │                       ^^^^^^^^^^^^^^^^^^^^^^^^^
   ╵
    C:\workspace\LatinJosephus-Whiston-Index-Integration-20261009\_sass\_variables.scss 28:23  @import
    C:\workspace\LatinJosephus-Whiston-Index-Integration-20261009\assets\css\main.scss 7:3     root stylesheet
WARNING: 4 repetitive deprecation warnings omitted.
Run in verbose mode to see all warnings.
Configuration file: C:/workspace/LatinJosephus-Whiston-Index-Integration-20261009/_config.yml
Configuration file: C:/workspace/LatinJosephus-Whiston-Index-Integration-20261009/_config.yml
            Source: C:/workspace/LatinJosephus-Whiston-Index-Integration-20261009
       Destination: C:/Users/Pollard_R/AppData/Local/Temp/LatinJosephus-Whiston-Index-disposable-20261009
 Incremental build: disabled. Enable with --incremental
      Generating... 
         AutoPages: Disabled/Not configured in site.config.
        Pagination: Complete, processed pagination page(s)
       Jekyll Feed: Generating feed for posts
                    done in 8.498 seconds.
 Auto-regeneration: disabled. Use --watch to enable.
{"result":"PASS","source":"C:\\workspace\\LatinJosephus-Whiston-Index-Integration-20261009","destination":"C:\\Users\\Pollard_R\\AppData\\Local\\Temp\\LatinJosephus-Whiston-Index-disposable-20261009","disk_cache":false,"excluded_research_archive":true}
