after 1 1690 light 22
after 2 1690 light 16
after 3 1690 light 15
after 4 1690 light 8
after 5 1690 light 11
after 6 1690 light 14
after 7 1690 light 15
after 8 1690 light 15
after 9 1690 light 14
after 10 1690 light 11
after 11 1690 light 8
after 12 1690 light 11
after 13 1690 light 16
after 14 1690 light 16
after 15 1690 light 11
after 16 1690 light 11
after 17 1690 light 13
after 18 1690 light 9
after 19 1690 light 9
after 20 1690 light 11
after 1 1690 dark 22
after 2 1690 dark 16
after 3 1690 dark 15
after 4 1690 dark 8
after 5 1690 dark 11
after 6 1690 dark 14
after 7 1690 dark 15
after 8 1690 dark 15
after 9 1690 dark 14
after 10 1690 dark 11
after 11 1690 dark 8
after 12 1690 dark 11
after 13 1690 dark 16
after 14 1690 dark 16
after 15 1690 dark 11
after 16 1690 dark 11
after 17 1690 dark 13
after 18 1690 dark 9
after 19 1690 dark 9
after 20 1690 dark 11
after 1 1200 light 22
after 2 1200 light 16
after 3 1200 light 15
after 4 1200 light 8
after 5 1200 light 11
after 6 1200 light 14
after 7 1200 light 15
after 8 1200 light 15
after 9 1200 light 14
after 10 1200 light 11
after 11 1200 light 8
after 12 1200 light 11
after 13 1200 light 16
after 14 1200 light 16
after 15 1200 light 11
after 16 1200 light 11
after 17 1200 light 13
after 18 1200 light 9
after 19 1200 light 9
after 20 1200 light 11
after 1 1200 dark 22
after 2 1200 dark 16
after 3 1200 dark 15
after 4 1200 dark 8
after 5 1200 dark 11
after 6 1200 dark 14
after 7 1200 dark 15
after 8 1200 dark 15
after 9 1200 dark 14
after 10 1200 dark 11
after 11 1200 dark 8
after 12 1200 dark 11
after 13 1200 dark 16
after 14 1200 dark 16
after 15 1200 dark 11
after 16 1200 dark 11
after 17 1200 dark 13
after 18 1200 dark 9
after 19 1200 dark 9
after 20 1200 dark 11
WHISTON_LAYOUT_PASS after 1024 2822
